// Jest Snapshot v1, https://goo.gl/fbAQLP

exports[`<CreateImageUpload /> should render correctly 1`] = `
<DocumentFragment>
  <div
    class="CreateImageUpload__ImageWrapper-dfo38w-1 cLeDVg"
  >
    <img
      alt=""
      src="taskpaw.png"
    />
  </div>
  <section
    class="CreateImageUpload__UploadWrapper-dfo38w-0 bthBNR"
  >
    <button
      class="sc-AxjAm eirFEf"
    >
      Upload photo
    </button>
    <input
      accept="image/*"
      class="file-input"
      type="file"
    />
  </section>
</DocumentFragment>
`;
