// Jest Snapshot v1, https://goo.gl/fbAQLP

exports[`<UpdateImageUpload /> should render correctly 1`] = `
<DocumentFragment>
  <div
    class="UpdateImageUpload__ImageWrapper-sc-1cin8yf-1 kOPpT"
  >
    <img
      alt=""
    />
  </div>
  <section
    class="UpdateImageUpload__UploadWrapper-sc-1cin8yf-0 gdHUqm"
  >
    <button
      class="sc-AxjAm eirFEf"
    >
      Upload photo
    </button>
    <input
      accept="image/*"
      class="file-input"
      type="file"
    />
  </section>
</DocumentFragment>
`;
