// Jest Snapshot v1, https://goo.gl/fbAQLP

exports[`<TasksStyled /> should render correctly 1`] = `
<DocumentFragment>
  <div
    class="TasksStyled__Marker-j2i96a-0 kTppzS"
  >
    <img
      alt=""
      src="taskpaw.png"
    />
  </div>
  <div
    class="TasksStyled__Description-j2i96a-1 dAkghC"
  >
    <h3>
      Walk
    </h3>
  </div>
  <div
    class="TasksStyled__Time-j2i96a-2 DoAZa"
  >
    <h4>
      08:00
    </h4>
  </div>
  <div
    class="TasksStyled__Date-j2i96a-3 kHFcCQ"
    data-cy="date"
  >
    <p>
      2020-06-01
    </p>
  </div>
  <div
    class="TasksStyled__Person-j2i96a-4 jToTCz"
    data-cy="owner_name"
  >
    <p>
      To be completed by: Martin
    </p>
  </div>
  <div
    class="TasksStyled__Status-j2i96a-5 fCOCIY"
  >
    <input
      checked=""
      class="Checkbox__CheckboxStyled-sc-1blqffb-0 gefyIW"
      type="checkbox"
    />
  </div>
</DocumentFragment>
`;
